// Jest Snapshot v1, https://goo.gl/fbAQLP

exports[`renders an Question component correctly 1`] = `
<div
  className=" relative max-w-3xl mx-auto"
>
  <div
    className=" mx-auto my-8 max-w-3xl px-6 pt-4 pb-6 bg-[#F0F0F0]"
  >
    <div
      className="flex mb-5"
    >
      <img
        alt="user.png"
        className="w-10 h-10 rounded-full"
        src="https://via.placeholder.com/150"
      />
      <p
        className="pl-2 font-semibold self-center text-sm mr-auto"
      >
        hazarcan
      </p>
      <div
        className="text-xl   self-center cursor-pointer"
      >
        <svg
          fill="currentColor"
          height="1em"
          onClick={[Function]}
          stroke="currentColor"
          strokeWidth="0"
          style={
            Object {
              "color": undefined,
            }
          }
          viewBox="0 0 192 512"
          width="1em"
          xmlns="http://www.w3.org/2000/svg"
        >
          <path
            d="M96 184c39.8 0 72 32.2 72 72s-32.2 72-72 72-72-32.2-72-72 32.2-72 72-72zM24 80c0 39.8 32.2 72 72 72s72-32.2 72-72S135.8 8 96 8 24 40.2 24 80zm0 352c0 39.8 32.2 72 72 72s72-32.2 72-72-32.2-72-72-72-72 32.2-72 72z"
          />
        </svg>
      </div>
      <div
        className="absolute -right-0 top-12 lg:-right-48 lg:top-0 z-10 w-44 rounded-lg shadow-lg  border-[#CA7560] border-[4px]  border-opacity-50 bg-white transition  py-1 lg:py-3 hidden opacity-0"
        id="dropdown"
      >
        <button
          className=" w-full lg:w-full text-sm text-left text-gray-800 hover:text-gray-900 hover:bg-gray-200 transition px-2 lg:px-4 py-1"
          type="button"
        >
          Edit Question
        </button>
        <button
          className="w-full lg:w-full text-sm text-left hover:bg-gray-200 transition px-2 lg:px-4 py-1"
          type="button"
        >
          Add to Bookmark
        </button>
        <button
          className="w-full lg:w-full text-sm text-left  hover:bg-gray-200 transition px-2 lg:px-4 py-1"
          type="button"
        >
          Share
        </button>
        <button
          className="w-full lg:w-full text-sm text-left text-red-600 hover:text-red-700 hover:bg-gray-200 transition px-2 lg:px-4 py-1"
          type="button"
        >
          Delete Question
        </button>
      </div>
    </div>
    <h3
      className="text-2xl mb-5"
    >
      <span
        className="text-[#CA7560] "
      >
        Q
      </span>
      : 
      Loeerasdsa
    </h3>
    <p
      className="text-sm mb-7 pl-7 line-clamp-3"
    >
      questionText
    </p>
    <div
      className="hover:scale-105 transition-transform mx-auto w-1/2"
    >
      <button
        onClick={[Function]}
        type="button"
      >
        <img
          alt="question.png"
          className=" rounded-xl transition-transform hover:scale-105 hover:cursor-pointer z-0 "
          src="questionImage.png"
        />
      </button>
    </div>
  </div>
  <div
    className="relative w-full px-2 lg:px-20 "
  >
    <input
      className="focus:outline-none border-[#CA7560] border-[3px] border-opacity-50 rounded-lg py-4 pl-5 text-xs w-full "
      placeholder="Answer the question..."
      type="text"
    />
    <svg
      className="absolute top-[19px] text-gray-600 cursor-pointer text-lg right-8 md:right-12 lg:right-28 hover:scale-105"
      fill="currentColor"
      height="1em"
      stroke="currentColor"
      strokeWidth="0"
      style={
        Object {
          "color": undefined,
        }
      }
      viewBox="0 0 512 512"
      width="1em"
      xmlns="http://www.w3.org/2000/svg"
    >
      <path
        d="M464 448H48c-26.51 0-48-21.49-48-48V112c0-26.51 21.49-48 48-48h416c26.51 0 48 21.49 48 48v288c0 26.51-21.49 48-48 48zM112 120c-30.928 0-56 25.072-56 56s25.072 56 56 56 56-25.072 56-56-25.072-56-56-56zM64 384h384V272l-87.515-87.515c-4.686-4.686-12.284-4.686-16.971 0L208 320l-55.515-55.515c-4.686-4.686-12.284-4.686-16.971 0L64 336v48z"
      />
    </svg>
  </div>
</div>
`;
