// Jest Snapshot v1, https://goo.gl/fbAQLP

exports[`renders an Question component correctly 1`] = `
<div
  className="relative max-w-3xl mx-auto"
>
  <div
    className="mx-auto my-8 max-w-3xl px-6 pt-4 pb-6 rounded-md bg-[#F0F0F0]  text-black"
  >
    <div
      className="flex  justify-between mb-5"
    >
      <div
        className="flex whitespace-nowrap"
      >
        <img
          alt="user.png"
          className="w-10 h-10 rounded-full"
          src="https://via.placeholder.com/150"
        />
        <div
          className="mr-[5rem] lg:mr-0 self-center lg:flex lg:flex-row-reverse"
        >
          <p
            className="text-green-500 ml-4 text-xs  self-center  hidden "
          >
            Author
          </p>
          <p
            className="pl-2 font-semibold self-center text-sm mr-auto"
          >
            hazarcan
          </p>
        </div>
      </div>
      <div
        className="text-xl flex mb-[1px] self-center cursor-pointer whitespace-nowrap"
      >
        <p
          className="mr-3 text-xs  self-center cursor-text"
        >
          
        </p>
        <svg
          className="hidden "
          fill="currentColor"
          height="1em"
          onClick={[Function]}
          stroke="currentColor"
          strokeWidth="0"
          style={
            Object {
              "color": undefined,
            }
          }
          viewBox="0 0 192 512"
          width="1em"
          xmlns="http://www.w3.org/2000/svg"
        >
          <path
            d="M96 184c39.8 0 72 32.2 72 72s-32.2 72-72 72-72-32.2-72-72 32.2-72 72-72zM24 80c0 39.8 32.2 72 72 72s72-32.2 72-72S135.8 8 96 8 24 40.2 24 80zm0 352c0 39.8 32.2 72 72 72s72-32.2 72-72-32.2-72-72-72-72 32.2-72 72z"
          />
        </svg>
      </div>
      <div
        className="absolute -right-0 top-12 lg:-right-48 lg:top-0 z-10 w-44 rounded-lg shadow-lg transition-all ease-in-out  py-1 lg:py-3 border-[1px] lg:border-0 hidden opacity-0  bg-[#F0F0F0]"
        id="dropdown"
      >
        <button
          className="w-full lg:w-full text-sm text-left text-red-600 hover:text-red-700 hover:bg-gray-200 transition px-2 lg:px-4 py-1 "
          onClick={[Function]}
          type="button"
        >
          Delete Question
        </button>
      </div>
    </div>
    <a
      href="/"
      onClick={[Function]}
    >
      <h3
        className="text-2xl mb-5"
      >
        <span
          className="text-[#CA7560] "
        >
          Q
        </span>
        : 
        Loeerasdsa
      </h3>
      <p
        className="text-sm mb-7 pl-7 line-clamp-3"
      >
        questionText
      </p>
    </a>
  </div>
  <div
    className="relative w-full px-2 lg:px-20  "
  >
    <input
      className="line-clamp-5 pr-14 md:pr-16 lg:pr-14 focus:outline-none border-[#CA7560] border-[3px] border-opacity-50 rounded-lg py-4 pl-5 text-xs w-full bg-[#F0F0F0] placeholder-slate-400"
      placeholder="Answer the question..."
      type="text"
    />
  </div>
</div>
`;
